Archive member included to satisfy reference by file (symbol)

c:/st/stm32cubeide_1.6.1/stm32cubeide/plugins/com.st.stm32cube.ide.mcu.externaltools.gnu-tools-for-stm32.9-2020-q2-update.win32_1.5.0.202011040924/tools/bin/../lib/gcc/arm-none-eabi/9.3.1/../../../../arm-none-eabi/lib/thumb/v7-m/nofp\libc_nano.a(lib_a-errno.o)
                              Core/Src/syscalls.o (__errno)
c:/st/stm32cubeide_1.6.1/stm32cubeide/plugins/com.st.stm32cube.ide.mcu.externaltools.gnu-tools-for-stm32.9-2020-q2-update.win32_1.5.0.202011040924/tools/bin/../lib/gcc/arm-none-eabi/9.3.1/../../../../arm-none-eabi/lib/thumb/v7-m/nofp\libc_nano.a(lib_a-exit.o)
                              c:/st/stm32cubeide_1.6.1/stm32cubeide/plugins/com.st.stm32cube.ide.mcu.externaltools.gnu-tools-for-stm32.9-2020-q2-update.win32_1.5.0.202011040924/tools/bin/../lib/gcc/arm-none-eabi/9.3.1/../../../../arm-none-eabi/lib/thumb/v7-m/nofp/crt0.o (exit)
c:/st/stm32cubeide_1.6.1/stm32cubeide/plugins/com.st.stm32cube.ide.mcu.externaltools.gnu-tools-for-stm32.9-2020-q2-update.win32_1.5.0.202011040924/tools/bin/../lib/gcc/arm-none-eabi/9.3.1/../../../../arm-none-eabi/lib/thumb/v7-m/nofp\libc_nano.a(lib_a-impure.o)
                              c:/st/stm32cubeide_1.6.1/stm32cubeide/plugins/com.st.stm32cube.ide.mcu.externaltools.gnu-tools-for-stm32.9-2020-q2-update.win32_1.5.0.202011040924/tools/bin/../lib/gcc/arm-none-eabi/9.3.1/../../../../arm-none-eabi/lib/thumb/v7-m/nofp\libc_nano.a(lib_a-exit.o) (_global_impure_ptr)
c:/st/stm32cubeide_1.6.1/stm32cubeide/plugins/com.st.stm32cube.ide.mcu.externaltools.gnu-tools-for-stm32.9-2020-q2-update.win32_1.5.0.202011040924/tools/bin/../lib/gcc/arm-none-eabi/9.3.1/../../../../arm-none-eabi/lib/thumb/v7-m/nofp\libc_nano.a(lib_a-init.o)
                              c:/st/stm32cubeide_1.6.1/stm32cubeide/plugins/com.st.stm32cube.ide.mcu.externaltools.gnu-tools-for-stm32.9-2020-q2-update.win32_1.5.0.202011040924/tools/bin/../lib/gcc/arm-none-eabi/9.3.1/../../../../arm-none-eabi/lib/thumb/v7-m/nofp/crt0.o (__libc_init_array)
c:/st/stm32cubeide_1.6.1/stm32cubeide/plugins/com.st.stm32cube.ide.mcu.externaltools.gnu-tools-for-stm32.9-2020-q2-update.win32_1.5.0.202011040924/tools/bin/../lib/gcc/arm-none-eabi/9.3.1/../../../../arm-none-eabi/lib/thumb/v7-m/nofp\libc_nano.a(lib_a-memset.o)
                              c:/st/stm32cubeide_1.6.1/stm32cubeide/plugins/com.st.stm32cube.ide.mcu.externaltools.gnu-tools-for-stm32.9-2020-q2-update.win32_1.5.0.202011040924/tools/bin/../lib/gcc/arm-none-eabi/9.3.1/../../../../arm-none-eabi/lib/thumb/v7-m/nofp/crt0.o (memset)

Allocating common symbols
Common symbol       size              file

uwTick              0x4               Drivers/STM32F1xx_HAL_Driver/Src/stm32f1xx_hal.o
pFlash              0x20              Drivers/STM32F1xx_HAL_Driver/Src/stm32f1xx_hal_flash.o
hdma_dac_ch1        0x44              Core/Src/main.o
hdac                0x14              Core/Src/main.o
htim2               0x48              Core/Src/main.o

Discarded input sections

 .text          0x0000000000000000        0x0 c:/st/stm32cubeide_1.6.1/stm32cubeide/plugins/com.st.stm32cube.ide.mcu.externaltools.gnu-tools-for-stm32.9-2020-q2-update.win32_1.5.0.202011040924/tools/bin/../lib/gcc/arm-none-eabi/9.3.1/thumb/v7-m/nofp/crti.o
 .data          0x0000000000000000        0x0 c:/st/stm32cubeide_1.6.1/stm32cubeide/plugins/com.st.stm32cube.ide.mcu.externaltools.gnu-tools-for-stm32.9-2020-q2-update.win32_1.5.0.202011040924/tools/bin/../lib/gcc/arm-none-eabi/9.3.1/thumb/v7-m/nofp/crti.o
 .bss           0x0000000000000000        0x0 c:/st/stm32cubeide_1.6.1/stm32cubeide/plugins/com.st.stm32cube.ide.mcu.externaltools.gnu-tools-for-stm32.9-2020-q2-update.win32_1.5.0.202011040924/tools/bin/../lib/gcc/arm-none-eabi/9.3.1/thumb/v7-m/nofp/crti.o
 .data          0x0000000000000000        0x4 c:/st/stm32cubeide_1.6.1/stm32cubeide/plugins/com.st.stm32cube.ide.mcu.externaltools.gnu-tools-for-stm32.9-2020-q2-update.win32_1.5.0.202011040924/tools/bin/../lib/gcc/arm-none-eabi/9.3.1/thumb/v7-m/nofp/crtbegin.o
 .text          0x0000000000000000       0x7c c:/st/stm32cubeide_1.6.1/stm32cubeide/plugins/com.st.stm32cube.ide.mcu.externaltools.gnu-tools-for-stm32.9-2020-q2-update.win32_1.5.0.202011040924/tools/bin/../lib/gcc/arm-none-eabi/9.3.1/../../../../arm-none-eabi/lib/thumb/v7-m/nofp/crt0.o
 .data          0x0000000000000000        0x0 c:/st/stm32cubeide_1.6.1/stm32cubeide/plugins/com.st.stm32cube.ide.mcu.externaltools.gnu-tools-for-stm32.9-2020-q2-update.win32_1.5.0.202011040924/tools/bin/../lib/gcc/arm-none-eabi/9.3.1/../../../../arm-none-eabi/lib/thumb/v7-m/nofp/crt0.o
 .bss           0x0000000000000000        0x0 c:/st/stm32cubeide_1.6.1/stm32cubeide/plugins/com.st.stm32cube.ide.mcu.externaltools.gnu-tools-for-stm32.9-2020-q2-update.win32_1.5.0.202011040924/tools/bin/../lib/gcc/arm-none-eabi/9.3.1/../../../../arm-none-eabi/lib/thumb/v7-m/nofp/crt0.o
[...]
Memory Configuration

Name             Origin             Length             Attributes
RAM              0x0000000020000000 0x000000000000c000 xrw
FLASH            0x0000000008000000 0x0000000000040000 xr
*default*        0x0000000000000000 0xffffffffffffffff

Linker script and memory map

LOAD c:/st/stm32cubeide_1.6.1/stm32cubeide/plugins/com.st.stm32cube.ide.mcu.externaltools.gnu-tools-for-stm32.9-2020-q2-update.win32_1.5.0.202011040924/tools/bin/../lib/gcc/arm-none-eabi/9.3.1/thumb/v7-m/nofp/crti.o
LOAD c:/st/stm32cubeide_1.6.1/stm32cubeide/plugins/com.st.stm32cube.ide.mcu.externaltools.gnu-tools-for-stm32.9-2020-q2-update.win32_1.5.0.202011040924/tools/bin/../lib/gcc/arm-none-eabi/9.3.1/thumb/v7-m/nofp/crtbegin.o
LOAD c:/st/stm32cubeide_1.6.1/stm32cubeide/plugins/com.st.stm32cube.ide.mcu.externaltools.gnu-tools-for-stm32.9-2020-q2-update.win32_1.5.0.202011040924/tools/bin/../lib/gcc/arm-none-eabi/9.3.1/../../../../arm-none-eabi/lib/thumb/v7-m/nofp/crt0.o
LOAD Core/Src/main.o
LOAD Core/Src/stm32f1xx_hal_msp.o
LOAD Core/Src/stm32f1xx_it.o
LOAD Core/Src/syscalls.o
LOAD Core/Src/sysmem.o
LOAD Core/Src/system_stm32f1xx.o
LOAD Core/Startup/startup_stm32f103rctx.o
LOAD Drivers/STM32F1xx_HAL_Driver/Src/stm32f1xx_hal.o
LOAD Drivers/STM32F1xx_HAL_Driver/Src/stm32f1xx_hal_cortex.o
LOAD Drivers/STM32F1xx_HAL_Driver/Src/stm32f1xx_hal_dac.o
LOAD Drivers/STM32F1xx_HAL_Driver/Src/stm32f1xx_hal_dac_ex.o
LOAD Drivers/STM32F1xx_HAL_Driver/Src/stm32f1xx_hal_dma.o
LOAD Drivers/STM32F1xx_HAL_Driver/Src/stm32f1xx_hal_exti.o
LOAD Drivers/STM32F1xx_HAL_Driver/Src/stm32f1xx_hal_flash.o
LOAD Drivers/STM32F1xx_HAL_Driver/Src/stm32f1xx_hal_flash_ex.o
LOAD Drivers/STM32F1xx_HAL_Driver/Src/stm32f1xx_hal_gpio.o
LOAD Drivers/STM32F1xx_HAL_Driver/Src/stm32f1xx_hal_gpio_ex.o
LOAD Drivers/STM32F1xx_HAL_Driver/Src/stm32f1xx_hal_pwr.o
LOAD Drivers/STM32F1xx_HAL_Driver/Src/stm32f1xx_hal_rcc.o
LOAD Drivers/STM32F1xx_HAL_Driver/Src/stm32f1xx_hal_rcc_ex.o
LOAD Drivers/STM32F1xx_HAL_Driver/Src/stm32f1xx_hal_tim.o
LOAD Drivers/STM32F1xx_HAL_Driver/Src/stm32f1xx_hal_tim_ex.o
START GROUP
LOAD c:/st/stm32cubeide_1.6.1/stm32cubeide/plugins/com.st.stm32cube.ide.mcu.externaltools.gnu-tools-for-stm32.9-2020-q2-update.win32_1.5.0.202011040924/tools/bin/../lib/gcc/arm-none-eabi/9.3.1/../../../../arm-none-eabi/lib/thumb/v7-m/nofp\libc_nano.a
LOAD c:/st/stm32cubeide_1.6.1/stm32cubeide/plugins/com.st.stm32cube.ide.mcu.externaltools.gnu-tools-for-stm32.9-2020-q2-update.win32_1.5.0.202011040924/tools/bin/../lib/gcc/arm-none-eabi/9.3.1/../../../../arm-none-eabi/lib/thumb/v7-m/nofp\libm.a
END GROUP
START GROUP
LOAD c:/st/stm32cubeide_1.6.1/stm32cubeide/plugins/com.st.stm32cube.ide.mcu.externaltools.gnu-tools-for-stm32.9-2020-q2-update.win32_1.5.0.202011040924/tools/bin/../lib/gcc/arm-none-eabi/9.3.1/thumb/v7-m/nofp\libgcc.a
LOAD c:/st/stm32cubeide_1.6.1/stm32cubeide/plugins/com.st.stm32cube.ide.mcu.externaltools.gnu-tools-for-stm32.9-2020-q2-update.win32_1.5.0.202011040924/tools/bin/../lib/gcc/arm-none-eabi/9.3.1/../../../../arm-none-eabi/lib/thumb/v7-m/nofp\libc_nano.a
END GROUP
START GROUP
LOAD c:/st/stm32cubeide_1.6.1/stm32cubeide/plugins/com.st.stm32cube.ide.mcu.externaltools.gnu-tools-for-stm32.9-2020-q2-update.win32_1.5.0.202011040924/tools/bin/../lib/gcc/arm-none-eabi/9.3.1/thumb/v7-m/nofp\libgcc.a
LOAD c:/st/stm32cubeide_1.6.1/stm32cubeide/plugins/com.st.stm32cube.ide.mcu.externaltools.gnu-tools-for-stm32.9-2020-q2-update.win32_1.5.0.202011040924/tools/bin/../lib/gcc/arm-none-eabi/9.3.1/../../../../arm-none-eabi/lib/thumb/v7-m/nofp\libc_nano.a
LOAD c:/st/stm32cubeide_1.6.1/stm32cubeide/plugins/com.st.stm32cube.ide.mcu.externaltools.gnu-tools-for-stm32.9-2020-q2-update.win32_1.5.0.202011040924/tools/bin/../lib/gcc/arm-none-eabi/9.3.1/../../../../arm-none-eabi/lib/thumb/v7-m/nofp\libnosys.a
END GROUP
START GROUP
LOAD c:/st/stm32cubeide_1.6.1/stm32cubeide/plugins/com.st.stm32cube.ide.mcu.externaltools.gnu-tools-for-stm32.9-2020-q2-update.win32_1.5.0.202011040924/tools/bin/../lib/gcc/arm-none-eabi/9.3.1/thumb/v7-m/nofp\libgcc.a
LOAD c:/st/stm32cubeide_1.6.1/stm32cubeide/plugins/com.st.stm32cube.ide.mcu.externaltools.gnu-tools-for-stm32.9-2020-q2-update.win32_1.5.0.202011040924/tools/bin/../lib/gcc/arm-none-eabi/9.3.1/../../../../arm-none-eabi/lib/thumb/v7-m/nofp\libc_nano.a
LOAD c:/st/stm32cubeide_1.6.1/stm32cubeide/plugins/com.st.stm32cube.ide.mcu.externaltools.gnu-tools-for-stm32.9-2020-q2-update.win32_1.5.0.202011040924/tools/bin/../lib/gcc/arm-none-eabi/9.3.1/../../../../arm-none-eabi/lib/thumb/v7-m/nofp\libnosys.a
END GROUP
LOAD c:/st/stm32cubeide_1.6.1/stm32cubeide/plugins/com.st.stm32cube.ide.mcu.externaltools.gnu-tools-for-stm32.9-2020-q2-update.win32_1.5.0.202011040924/tools/bin/../lib/gcc/arm-none-eabi/9.3.1/thumb/v7-m/nofp/crtend.o
LOAD c:/st/stm32cubeide_1.6.1/stm32cubeide/plugins/com.st.stm32cube.ide.mcu.externaltools.gnu-tools-for-stm32.9-2020-q2-update.win32_1.5.0.202011040924/tools/bin/../lib/gcc/arm-none-eabi/9.3.1/thumb/v7-m/nofp/crtn.o
                0x000000002000c000                _estack = (ORIGIN (RAM) + LENGTH (RAM))
                0x0000000000000200                _Min_Heap_Size = 0x200
                0x0000000000000400                _Min_Stack_Size = 0x400

.isr_vector     0x0000000008000000      0x1e4
                0x0000000008000000                . = ALIGN (0x4)
 *(.isr_vector)
 .isr_vector    0x0000000008000000      0x1e4 Core/Startup/startup_stm32f103rctx.o
                0x0000000008000000                g_pfnVectors
                0x00000000080001e4                . = ALIGN (0x4)

.text           0x00000000080001e4     0x22dc
                0x00000000080001e4                . = ALIGN (0x4)
 *(.text)
 .text          0x00000000080001e4       0x40 c:/st/stm32cubeide_1.6.1/stm32cubeide/plugins/com.st.stm32cube.ide.mcu.externaltools.gnu-tools-for-stm32.9-2020-q2-update.win32_1.5.0.202011040924/tools/bin/../lib/gcc/arm-none-eabi/9.3.1/thumb/v7-m/nofp/crtbegin.o
 *(.text*)
 .text.main     0x0000000008000224       0x48 Core/Src/main.o
                0x0000000008000224                main
 .text.SystemClock_Config
                0x000000000800026c       0x76 Core/Src/main.o
                0x000000000800026c                SystemClock_Config
 *fill*         0x00000000080002e2        0x2 
 .text.MX_DAC_Init
                0x00000000080002e4       0x54 Core/Src/main.o
 .text.MX_TIM2_Init
                0x0000000008000338       0x98 Core/Src/main.o
 .text.MX_DMA_Init
                0x00000000080003d0       0x3c Core/Src/main.o
 .text.MX_GPIO_Init
                0x000000000800040c       0x2c Core/Src/main.o
 .text.Error_Handler
                0x0000000008000438        0xa Core/Src/main.o
                0x0000000008000438                Error_Handler
 *fill*         0x0000000008000442        0x2 
 .text.HAL_MspInit
                0x0000000008000444       0x64 Core/Src/stm32f1xx_hal_msp.o
                0x0000000008000444                HAL_MspInit
 .text.HAL_DAC_MspInit
                0x00000000080004a8       0xd4 Core/Src/stm32f1xx_hal_msp.o
                0x00000000080004a8                HAL_DAC_MspInit
 .text.HAL_TIM_Base_MspInit
                0x000000000800057c       0x38 Core/Src/stm32f1xx_hal_msp.o
                0x000000000800057c                HAL_TIM_Base_MspInit
 .text.NMI_Handler
                0x00000000080005b4        0x6 Core/Src/stm32f1xx_it.o
                0x00000000080005b4                NMI_Handler
 .text.HardFault_Handler
                0x00000000080005ba        0x6 Core/Src/stm32f1xx_it.o
                0x00000000080005ba                HardFault_Handler
 .text.MemManage_Handler
                0x00000000080005c0        0x6 Core/Src/stm32f1xx_it.o
                0x00000000080005c0                MemManage_Handler
 .text.BusFault_Handler
                0x00000000080005c6        0x6 Core/Src/stm32f1xx_it.o
                0x00000000080005c6                BusFault_Handler
 .text.UsageFault_Handler
                0x00000000080005cc        0x6 Core/Src/stm32f1xx_it.o
                0x00000000080005cc                UsageFault_Handler
 .text.SVC_Handler
                0x00000000080005d2        0xc Core/Src/stm32f1xx_it.o
                0x00000000080005d2                SVC_Handler
 .text.DebugMon_Handler
                0x00000000080005de        0xc Core/Src/stm32f1xx_it.o
                0x00000000080005de                DebugMon_Handler
 .text.PendSV_Handler
                0x00000000080005ea        0xc Core/Src/stm32f1xx_it.o
                0x00000000080005ea                PendSV_Handler
 .text.SysTick_Handler
                0x00000000080005f6        0xc Core/Src/stm32f1xx_it.o
                0x00000000080005f6                SysTick_Handler
 *fill*         0x0000000008000602        0x2 
 .text.DMA2_Channel3_IRQHandler
                0x0000000008000604       0x14 Core/Src/stm32f1xx_it.o
                0x0000000008000604                DMA2_Channel3_IRQHandler
 .text.SystemInit
                0x0000000008000618        0xc Core/Src/system_stm32f1xx.o
                0x0000000008000618                SystemInit
 .text.Reset_Handler
                0x0000000008000624       0x48 Core/Startup/startup_stm32f103rctx.o
                0x0000000008000624                Reset_Handler
 .text.Default_Handler
                0x000000000800066c        0x2 Core/Startup/startup_stm32f103rctx.o
                0x000000000800066c                RTC_Alarm_IRQHandler
                0x000000000800066c                EXTI2_IRQHandler
                0x000000000800066c                TIM8_TRG_COM_IRQHandler
                0x000000000800066c                TIM8_CC_IRQHandler
                0x000000000800066c                TIM1_CC_IRQHandler
                0x000000000800066c                TIM6_IRQHandler
                0x000000000800066c                PVD_IRQHandler
                0x000000000800066c                SDIO_IRQHandler
                0x000000000800066c                EXTI3_IRQHandler
                0x000000000800066c                EXTI0_IRQHandler
                0x000000000800066c                I2C2_EV_IRQHandler
                0x000000000800066c                ADC1_2_IRQHandler
                0x000000000800066c                SPI1_IRQHandler
                0x000000000800066c                TAMPER_IRQHandler
                0x000000000800066c                TIM8_UP_IRQHandler
                0x000000000800066c                DMA2_Channel2_IRQHandler
                0x000000000800066c                DMA1_Channel4_IRQHandler
                0x000000000800066c                USART3_IRQHandler
                0x000000000800066c                RTC_IRQHandler
                0x000000000800066c                DMA1_Channel7_IRQHandler
                0x000000000800066c                CAN1_RX1_IRQHandler
                0x000000000800066c                UART5_IRQHandler
                0x000000000800066c                ADC3_IRQHandler
                0x000000000800066c                TIM4_IRQHandler
                0x000000000800066c                DMA2_Channel1_IRQHandler
                0x000000000800066c                I2C1_EV_IRQHandler
                0x000000000800066c                DMA1_Channel6_IRQHandler
                0x000000000800066c                UART4_IRQHandler
                0x000000000800066c                TIM3_IRQHandler
                0x000000000800066c                RCC_IRQHandler
                0x000000000800066c                TIM1_TRG_COM_IRQHandler
                0x000000000800066c                DMA1_Channel1_IRQHandler
                0x000000000800066c                Default_Handler
                0x000000000800066c                EXTI15_10_IRQHandler
                0x000000000800066c                TIM7_IRQHandler
                0x000000000800066c                TIM5_IRQHandler
                0x000000000800066c                EXTI9_5_IRQHandler
                0x000000000800066c                SPI2_IRQHandler
                0x000000000800066c                DMA1_Channel5_IRQHandler
                0x000000000800066c                EXTI4_IRQHandler
                0x000000000800066c                USB_LP_CAN1_RX0_IRQHandler
                0x000000000800066c                USB_HP_CAN1_TX_IRQHandler
                0x000000000800066c                DMA1_Channel3_IRQHandler
                0x000000000800066c                FSMC_IRQHandler
                0x000000000800066c                TIM1_UP_IRQHandler
                0x000000000800066c                WWDG_IRQHandler
                0x000000000800066c                TIM2_IRQHandler
                0x000000000800066c                TIM1_BRK_IRQHandler
                0x000000000800066c                EXTI1_IRQHandler
                0x000000000800066c                DMA2_Channel4_5_IRQHandler
                0x000000000800066c                USART2_IRQHandler
                0x000000000800066c                I2C2_ER_IRQHandler
                0x000000000800066c                DMA1_Channel2_IRQHandler
                0x000000000800066c                TIM8_BRK_IRQHandler
                0x000000000800066c                CAN1_SCE_IRQHandler
                0x000000000800066c                FLASH_IRQHandler
                0x000000000800066c                USART1_IRQHandler
                0x000000000800066c                SPI3_IRQHandler
                0x000000000800066c                I2C1_ER_IRQHandler
                0x000000000800066c                USBWakeUp_IRQHandler
 *fill*         0x000000000800066e        0x2 
 .text.HAL_Init
                0x0000000008000670       0x2c Drivers/STM32F1xx_HAL_Driver/Src/stm32f1xx_hal.o
                0x0000000008000670                HAL_Init
 .text.HAL_InitTick
                0x000000000800069c       0x60 Drivers/STM32F1xx_HAL_Driver/Src/stm32f1xx_hal.o
                0x000000000800069c                HAL_InitTick
 .text.HAL_IncTick
                0x00000000080006fc       0x24 Drivers/STM32F1xx_HAL_Driver/Src/stm32f1xx_hal.o
                0x00000000080006fc                HAL_IncTick
 .text.HAL_GetTick
                0x0000000008000720       0x14 Drivers/STM32F1xx_HAL_Driver/Src/stm32f1xx_hal.o
                0x0000000008000720                HAL_GetTick
 .text.__NVIC_SetPriorityGrouping
                0x0000000008000734       0x48 Drivers/STM32F1xx_HAL_Driver/Src/stm32f1xx_hal_cortex.o
 .text.__NVIC_GetPriorityGrouping
                0x000000000800077c       0x1c Drivers/STM32F1xx_HAL_Driver/Src/stm32f1xx_hal_cortex.o
 .text.__NVIC_EnableIRQ
                0x0000000008000798       0x38 Drivers/STM32F1xx_HAL_Driver/Src/stm32f1xx_hal_cortex.o
 .text.__NVIC_SetPriority
                0x00000000080007d0       0x54 Drivers/STM32F1xx_HAL_Driver/Src/stm32f1xx_hal_cortex.o
 .text.NVIC_EncodePriority
                0x0000000008000824       0x64 Drivers/STM32F1xx_HAL_Driver/Src/stm32f1xx_hal_cortex.o
 .text.SysTick_Config
                0x0000000008000888       0x44 Drivers/STM32F1xx_HAL_Driver/Src/stm32f1xx_hal_cortex.o
 .text.HAL_NVIC_SetPriorityGrouping
                0x00000000080008cc       0x16 Drivers/STM32F1xx_HAL_Driver/Src/stm32f1xx_hal_cortex.o
                0x00000000080008cc                HAL_NVIC_SetPriorityGrouping
 .text.HAL_NVIC_SetPriority
                0x00000000080008e2       0x38 Drivers/STM32F1xx_HAL_Driver/Src/stm32f1xx_hal_cortex.o
                0x00000000080008e2                HAL_NVIC_SetPriority
 .text.HAL_NVIC_EnableIRQ
                0x000000000800091a       0x1c Drivers/STM32F1xx_HAL_Driver/Src/stm32f1xx_hal_cortex.o
                0x000000000800091a                HAL_NVIC_EnableIRQ
 .text.HAL_SYSTICK_Config
                0x0000000008000936       0x18 Drivers/STM32F1xx_HAL_Driver/Src/stm32f1xx_hal_cortex.o
                0x0000000008000936                HAL_SYSTICK_Config
 .text.HAL_DAC_Init
                0x000000000800094e       0x44 Drivers/STM32F1xx_HAL_Driver/Src/stm32f1xx_hal_dac.o
                0x000000000800094e                HAL_DAC_Init
 *fill*         0x0000000008000992        0x2 
 .text.HAL_DAC_Start_DMA
                0x0000000008000994      0x178 Drivers/STM32F1xx_HAL_Driver/Src/stm32f1xx_hal_dac.o
                0x0000000008000994                HAL_DAC_Start_DMA
 .text.HAL_DAC_ConvCpltCallbackCh1
                0x0000000008000b0c       0x12 Drivers/STM32F1xx_HAL_Driver/Src/stm32f1xx_hal_dac.o
                0x0000000008000b0c                HAL_DAC_ConvCpltCallbackCh1
 .text.HAL_DAC_ConvHalfCpltCallbackCh1
                0x0000000008000b1e       0x12 Drivers/STM32F1xx_HAL_Driver/Src/stm32f1xx_hal_dac.o
                0x0000000008000b1e                HAL_DAC_ConvHalfCpltCallbackCh1
 .text.HAL_DAC_ErrorCallbackCh1
                0x0000000008000b30       0x12 Drivers/STM32F1xx_HAL_Driver/Src/stm32f1xx_hal_dac.o
                0x0000000008000b30                HAL_DAC_ErrorCallbackCh1
 .text.HAL_DAC_ConfigChannel
                0x0000000008000b42       0xb8 Drivers/STM32F1xx_HAL_Driver/Src/stm32f1xx_hal_dac.o
                0x0000000008000b42                HAL_DAC_ConfigChannel
 .text.DAC_DMAConvCpltCh1
                0x0000000008000bfa       0x22 Drivers/STM32F1xx_HAL_Driver/Src/stm32f1xx_hal_dac.o
                0x0000000008000bfa                DAC_DMAConvCpltCh1
 .text.DAC_DMAHalfConvCpltCh1
                0x0000000008000c1c       0x1c Drivers/STM32F1xx_HAL_Driver/Src/stm32f1xx_hal_dac.o
                0x0000000008000c1c                DAC_DMAHalfConvCpltCh1
 .text.DAC_DMAErrorCh1
                0x0000000008000c38       0x2e Drivers/STM32F1xx_HAL_Driver/Src/stm32f1xx_hal_dac.o
                0x0000000008000c38                DAC_DMAErrorCh1
 .text.HAL_DACEx_ConvCpltCallbackCh2
                0x0000000008000c66       0x12 Drivers/STM32F1xx_HAL_Driver/Src/stm32f1xx_hal_dac_ex.o
                0x0000000008000c66                HAL_DACEx_ConvCpltCallbackCh2
 .text.HAL_DACEx_ConvHalfCpltCallbackCh2
                0x0000000008000c78       0x12 Drivers/STM32F1xx_HAL_Driver/Src/stm32f1xx_hal_dac_ex.o
                0x0000000008000c78                HAL_DACEx_ConvHalfCpltCallbackCh2
 .text.HAL_DACEx_ErrorCallbackCh2
                0x0000000008000c8a       0x12 Drivers/STM32F1xx_HAL_Driver/Src/stm32f1xx_hal_dac_ex.o
                0x0000000008000c8a                HAL_DACEx_ErrorCallbackCh2
 .text.DAC_DMAConvCpltCh2
                0x0000000008000c9c       0x22 Drivers/STM32F1xx_HAL_Driver/Src/stm32f1xx_hal_dac_ex.o
                0x0000000008000c9c                DAC_DMAConvCpltCh2
 .text.DAC_DMAHalfConvCpltCh2
                0x0000000008000cbe       0x1c Drivers/STM32F1xx_HAL_Driver/Src/stm32f1xx_hal_dac_ex.o
                0x0000000008000cbe                DAC_DMAHalfConvCpltCh2
 .text.DAC_DMAErrorCh2
                0x0000000008000cda       0x2e Drivers/STM32F1xx_HAL_Driver/Src/stm32f1xx_hal_dac_ex.o
                0x0000000008000cda                DAC_DMAErrorCh2
 .text.HAL_DMA_Init
                0x0000000008000d08       0xec Drivers/STM32F1xx_HAL_Driver/Src/stm32f1xx_hal_dma.o
                0x0000000008000d08                HAL_DMA_Init
 .text.HAL_DMA_Start_IT
                0x0000000008000df4       0xbe Drivers/STM32F1xx_HAL_Driver/Src/stm32f1xx_hal_dma.o
                0x0000000008000df4                HAL_DMA_Start_IT
 *fill*         0x0000000008000eb2        0x2 
 .text.HAL_DMA_IRQHandler
                0x0000000008000eb4      0x478 Drivers/STM32F1xx_HAL_Driver/Src/stm32f1xx_hal_dma.o
                0x0000000008000eb4                HAL_DMA_IRQHandler
 .text.DMA_SetConfig
                0x000000000800132c       0x5a Drivers/STM32F1xx_HAL_Driver/Src/stm32f1xx_hal_dma.o
 *fill*         0x0000000008001386        0x2 
 .text.HAL_GPIO_Init
                0x0000000008001388      0x328 Drivers/STM32F1xx_HAL_Driver/Src/stm32f1xx_hal_gpio.o
                0x0000000008001388                HAL_GPIO_Init
 .text.HAL_RCC_OscConfig
                0x00000000080016b0      0x500 Drivers/STM32F1xx_HAL_Driver/Src/stm32f1xx_hal_rcc.o
                0x00000000080016b0                HAL_RCC_OscConfig
 .text.HAL_RCC_ClockConfig
                0x0000000008001bb0      0x1d4 Drivers/STM32F1xx_HAL_Driver/Src/stm32f1xx_hal_rcc.o
                0x0000000008001bb0                HAL_RCC_ClockConfig
 .text.HAL_RCC_GetSysClockFreq
                0x0000000008001d84       0xc0 Drivers/STM32F1xx_HAL_Driver/Src/stm32f1xx_hal_rcc.o
                0x0000000008001d84                HAL_RCC_GetSysClockFreq
 .text.RCC_Delay
                0x0000000008001e44       0x3c Drivers/STM32F1xx_HAL_Driver/Src/stm32f1xx_hal_rcc.o
 .text.HAL_TIM_Base_Init
                0x0000000008001e80       0x9e Drivers/STM32F1xx_HAL_Driver/Src/stm32f1xx_hal_tim.o
                0x0000000008001e80                HAL_TIM_Base_Init
 *fill*         0x0000000008001f1e        0x2 
 .text.HAL_TIM_Base_Start
                0x0000000008001f20       0xb0 Drivers/STM32F1xx_HAL_Driver/Src/stm32f1xx_hal_tim.o
                0x0000000008001f20                HAL_TIM_Base_Start
 .text.HAL_TIM_ConfigClockSource
                0x0000000008001fd0      0x188 Drivers/STM32F1xx_HAL_Driver/Src/stm32f1xx_hal_tim.o
                0x0000000008001fd0                HAL_TIM_ConfigClockSource
 .text.TIM_Base_SetConfig
                0x0000000008002158       0xf4 Drivers/STM32F1xx_HAL_Driver/Src/stm32f1xx_hal_tim.o
                0x0000000008002158                TIM_Base_SetConfig
 .text.TIM_TI1_ConfigInputStage
                0x000000000800224c       0x5c Drivers/STM32F1xx_HAL_Driver/Src/stm32f1xx_hal_tim.o
 .text.TIM_TI2_ConfigInputStage
                0x00000000080022a8       0x5e Drivers/STM32F1xx_HAL_Driver/Src/stm32f1xx_hal_tim.o
 .text.TIM_ITRx_SetConfig
                0x0000000008002306       0x34 Drivers/STM32F1xx_HAL_Driver/Src/stm32f1xx_hal_tim.o
 .text.TIM_ETR_SetConfig
                0x000000000800233a       0x3e Drivers/STM32F1xx_HAL_Driver/Src/stm32f1xx_hal_tim.o
                0x000000000800233a                TIM_ETR_SetConfig
 .text.HAL_TIMEx_MasterConfigSynchronization
                0x0000000008002378       0xd8 Drivers/STM32F1xx_HAL_Driver/Src/stm32f1xx_hal_tim_ex.o
                0x0000000008002378                HAL_TIMEx_MasterConfigSynchronization
 .text.__libc_init_array
                0x0000000008002450       0x48 c:/st/stm32cubeide_1.6.1/stm32cubeide/plugins/com.st.stm32cube.ide.mcu.externaltools.gnu-tools-for-stm32.9-2020-q2-update.win32_1.5.0.202011040924/tools/bin/../lib/gcc/arm-none-eabi/9.3.1/../../../../arm-none-eabi/lib/thumb/v7-m/nofp\libc_nano.a(lib_a-init.o)
                0x0000000008002450                __libc_init_array
 .text.memset   0x0000000008002498       0x10 c:/st/stm32cubeide_1.6.1/stm32cubeide/plugins/com.st.stm32cube.ide.mcu.externaltools.gnu-tools-for-stm32.9-2020-q2-update.win32_1.5.0.202011040924/tools/bin/../lib/gcc/arm-none-eabi/9.3.1/../../../../arm-none-eabi/lib/thumb/v7-m/nofp\libc_nano.a(lib_a-memset.o)
                0x0000000008002498                memset
 *(.glue_7)
 .glue_7        0x00000000080024a8        0x0 linker stubs
 *(.glue_7t)
 .glue_7t       0x00000000080024a8        0x0 linker stubs
 *(.eh_frame)
 .eh_frame      0x00000000080024a8        0x0 c:/st/stm32cubeide_1.6.1/stm32cubeide/plugins/com.st.stm32cube.ide.mcu.externaltools.gnu-tools-for-stm32.9-2020-q2-update.win32_1.5.0.202011040924/tools/bin/../lib/gcc/arm-none-eabi/9.3.1/thumb/v7-m/nofp/crtbegin.o
 *(.init)
 .init          0x00000000080024a8        0x4 c:/st/stm32cubeide_1.6.1/stm32cubeide/plugins/com.st.stm32cube.ide.mcu.externaltools.gnu-tools-for-stm32.9-2020-q2-update.win32_1.5.0.202011040924/tools/bin/../lib/gcc/arm-none-eabi/9.3.1/thumb/v7-m/nofp/crti.o
                0x00000000080024a8                _init
 .init          0x00000000080024ac        0x8 c:/st/stm32cubeide_1.6.1/stm32cubeide/plugins/com.st.stm32cube.ide.mcu.externaltools.gnu-tools-for-stm32.9-2020-q2-update.win32_1.5.0.202011040924/tools/bin/../lib/gcc/arm-none-eabi/9.3.1/thumb/v7-m/nofp/crtn.o
 *(.fini)
 .fini          0x00000000080024b4        0x4 c:/st/stm32cubeide_1.6.1/stm32cubeide/plugins/com.st.stm32cube.ide.mcu.externaltools.gnu-tools-for-stm32.9-2020-q2-update.win32_1.5.0.202011040924/tools/bin/../lib/gcc/arm-none-eabi/9.3.1/thumb/v7-m/nofp/crti.o
                0x00000000080024b4                _fini
 .fini          0x00000000080024b8        0x8 c:/st/stm32cubeide_1.6.1/stm32cubeide/plugins/com.st.stm32cube.ide.mcu.externaltools.gnu-tools-for-stm32.9-2020-q2-update.win32_1.5.0.202011040924/tools/bin/../lib/gcc/arm-none-eabi/9.3.1/thumb/v7-m/nofp/crtn.o
                0x00000000080024c0                . = ALIGN (0x4)
                0x00000000080024c0                _etext = .

.vfp11_veneer   0x00000000080024c0        0x0
 .vfp11_veneer  0x00000000080024c0        0x0 linker stubs

.v4_bx          0x00000000080024c0        0x0
 .v4_bx         0x00000000080024c0        0x0 linker stubs

.iplt           0x00000000080024c0        0x0
 .iplt          0x00000000080024c0        0x0 c:/st/stm32cubeide_1.6.1/stm32cubeide/plugins/com.st.stm32cube.ide.mcu.externaltools.gnu-tools-for-stm32.9-2020-q2-update.win32_1.5.0.202011040924/tools/bin/../lib/gcc/arm-none-eabi/9.3.1/thumb/v7-m/nofp/crtbegin.o

.rodata         0x00000000080024c0    0x3d6d0
                0x00000000080024c0                . = ALIGN (0x4)
 *(.rodata)
 .rodata        0x00000000080024c0       0x10 Drivers/STM32F1xx_HAL_Driver/Src/stm32f1xx_hal_rcc.o
 *(.rodata*)
 .rodata.flash_image_hindi_bin
                0x00000000080024d0    0x3d6b0 Core/Src/main.o
                0x00000000080024d0                flash_image_hindi_bin
 .rodata.AHBPrescTable
                0x000000000803fb80       0x10 Core/Src/system_stm32f1xx.o
                0x000000000803fb80                AHBPrescTable
                0x000000000803fb90                . = ALIGN (0x4)

.rel.dyn        0x000000000803fb90        0x0
 .rel.iplt      0x000000000803fb90        0x0 c:/st/stm32cubeide_1.6.1/stm32cubeide/plugins/com.st.stm32cube.ide.mcu.externaltools.gnu-tools-for-stm32.9-2020-q2-update.win32_1.5.0.202011040924/tools/bin/../lib/gcc/arm-none-eabi/9.3.1/thumb/v7-m/nofp/crtbegin.o

.ARM.extab      0x000000000803fb90        0x0
                0x000000000803fb90                . = ALIGN (0x4)
 *(.ARM.extab* .gnu.linkonce.armextab.*)
                0x000000000803fb90                . = ALIGN (0x4)

.ARM            0x000000000803fb90        0x0
                0x000000000803fb90                . = ALIGN (0x4)
                0x000000000803fb90                __exidx_start = .
 *(.ARM.exidx*)
                0x000000000803fb90                __exidx_end = .
                0x000000000803fb90                . = ALIGN (0x4)

.preinit_array  0x000000000803fb90        0x0
                0x000000000803fb90                . = ALIGN (0x4)
                0x000000000803fb90                PROVIDE (__preinit_array_start = .)
 *(.preinit_array*)
                0x000000000803fb90                PROVIDE (__preinit_array_end = .)
                0x000000000803fb90                . = ALIGN (0x4)

.init_array     0x000000000803fb90        0x4
                0x000000000803fb90                . = ALIGN (0x4)
                0x000000000803fb90                PROVIDE (__init_array_start = .)
 *(SORT_BY_NAME(.init_array.*))
 *(.init_array*)
 .init_array    0x000000000803fb90        0x4 c:/st/stm32cubeide_1.6.1/stm32cubeide/plugins/com.st.stm32cube.ide.mcu.externaltools.gnu-tools-for-stm32.9-2020-q2-update.win32_1.5.0.202011040924/tools/bin/../lib/gcc/arm-none-eabi/9.3.1/thumb/v7-m/nofp/crtbegin.o
                0x000000000803fb94                PROVIDE (__init_array_end = .)
                0x000000000803fb94                . = ALIGN (0x4)

.fini_array     0x000000000803fb94        0x4
                0x000000000803fb94                . = ALIGN (0x4)
                [!provide]                        PROVIDE (__fini_array_start = .)
 *(SORT_BY_NAME(.fini_array.*))
 *(.fini_array*)
 .fini_array    0x000000000803fb94        0x4 c:/st/stm32cubeide_1.6.1/stm32cubeide/plugins/com.st.stm32cube.ide.mcu.externaltools.gnu-tools-for-stm32.9-2020-q2-update.win32_1.5.0.202011040924/tools/bin/../lib/gcc/arm-none-eabi/9.3.1/thumb/v7-m/nofp/crtbegin.o
                [!provide]                        PROVIDE (__fini_array_end = .)
                0x000000000803fb98                . = ALIGN (0x4)
                0x000000000803fb98                _sidata = LOADADDR (.data)

.data           0x0000000020000000        0xc load address 0x000000000803fb98
                0x0000000020000000                . = ALIGN (0x4)
                0x0000000020000000                _sdata = .
 *(.data)
 *(.data*)
 .data.SystemCoreClock
                0x0000000020000000        0x4 Core/Src/system_stm32f1xx.o
                0x0000000020000000                SystemCoreClock
 .data.uwTickPrio
                0x0000000020000004        0x4 Drivers/STM32F1xx_HAL_Driver/Src/stm32f1xx_hal.o
                0x0000000020000004                uwTickPrio
 .data.uwTickFreq
                0x0000000020000008        0x1 Drivers/STM32F1xx_HAL_Driver/Src/stm32f1xx_hal.o
                0x0000000020000008                uwTickFreq
 *(.RamFunc)
 *(.RamFunc*)
                0x000000002000000c                . = ALIGN (0x4)
 *fill*         0x0000000020000009        0x3 
                0x000000002000000c                _edata = .

.igot.plt       0x000000002000000c        0x0 load address 0x000000000803fba4
 .igot.plt      0x000000002000000c        0x0 c:/st/stm32cubeide_1.6.1/stm32cubeide/plugins/com.st.stm32cube.ide.mcu.externaltools.gnu-tools-for-stm32.9-2020-q2-update.win32_1.5.0.202011040924/tools/bin/../lib/gcc/arm-none-eabi/9.3.1/thumb/v7-m/nofp/crtbegin.o
                0x000000002000000c                . = ALIGN (0x4)

.bss            0x000000002000000c       0xc0 load address 0x000000000803fba4
                0x000000002000000c                _sbss = .
                0x000000002000000c                __bss_start__ = _sbss
 *(.bss)
 .bss           0x000000002000000c       0x1c c:/st/stm32cubeide_1.6.1/stm32cubeide/plugins/com.st.stm32cube.ide.mcu.externaltools.gnu-tools-for-stm32.9-2020-q2-update.win32_1.5.0.202011040924/tools/bin/../lib/gcc/arm-none-eabi/9.3.1/thumb/v7-m/nofp/crtbegin.o
 *(.bss*)
 *(COMMON)
 COMMON         0x0000000020000028       0xa0 Core/Src/main.o
                0x0000000020000028                hdma_dac_ch1
                0x000000002000006c                hdac
                0x0000000020000080                htim2
 COMMON         0x00000000200000c8        0x4 Drivers/STM32F1xx_HAL_Driver/Src/stm32f1xx_hal.o
                0x00000000200000c8                uwTick
                0x00000000200000cc                . = ALIGN (0x4)
                0x00000000200000cc                _ebss = .
                0x00000000200000cc                __bss_end__ = _ebss

._user_heap_stack
                0x00000000200000cc      0x604 load address 0x000000000803fba4
                0x00000000200000d0                . = ALIGN (0x8)
 *fill*         0x00000000200000cc        0x4 
                [!provide]                        PROVIDE (end = .)
                0x00000000200000d0                PROVIDE (_end = .)
                0x00000000200002d0                . = (. + _Min_Heap_Size)
 *fill*         0x00000000200000d0      0x200 
                0x00000000200006d0                . = (. + _Min_Stack_Size)
 *fill*         0x00000000200002d0      0x400 
                0x00000000200006d0                . = ALIGN (0x8)

/DISCARD/
 libc.a(*)
 libm.a(*)
 libgcc.a(*)

.ARM.attributes
                0x0000000000000000       0x29
 *(.ARM.attributes)
 .ARM.attributes
                0x0000000000000000       0x1d c:/st/stm32cubeide_1.6.1/stm32cubeide/plugins/com.st.stm32cube.ide.mcu.externaltools.gnu-tools-for-stm32.9-2020-q2-update.win32_1.5.0.202011040924/tools/bin/../lib/gcc/arm-none-eabi/9.3.1/thumb/v7-m/nofp/crti.o
 .ARM.attributes
                0x000000000000001d       0x2d c:/st/stm32cubeide_1.6.1/stm32cubeide/plugins/com.st.stm32cube.ide.mcu.externaltools.gnu-tools-for-stm32.9-2020-q2-update.win32_1.5.0.202011040924/tools/bin/../lib/gcc/arm-none-eabi/9.3.1/thumb/v7-m/nofp/crtbegin.o
 .ARM.attributes
                0x000000000000004a       0x2d Core/Src/main.o
 .ARM.attributes
                0x0000000000000077       0x2d Core/Src/stm32f1xx_hal_msp.o
 .ARM.attributes
                0x00000000000000a4       0x2d Core/Src/stm32f1xx_it.o
 .ARM.attributes
                0x00000000000000d1       0x2d Core/Src/system_stm32f1xx.o
 .ARM.attributes
                0x00000000000000fe       0x21 Core/Startup/startup_stm32f103rctx.o
 .ARM.attributes
                0x000000000000011f       0x2d Drivers/STM32F1xx_HAL_Driver/Src/stm32f1xx_hal.o
 .ARM.attributes
                0x000000000000014c       0x2d Drivers/STM32F1xx_HAL_Driver/Src/stm32f1xx_hal_cortex.o
 .ARM.attributes
                0x0000000000000179       0x2d Drivers/STM32F1xx_HAL_Driver/Src/stm32f1xx_hal_dac.o
 .ARM.attributes
                0x00000000000001a6       0x2d Drivers/STM32F1xx_HAL_Driver/Src/stm32f1xx_hal_dac_ex.o
 .ARM.attributes
                0x00000000000001d3       0x2d Drivers/STM32F1xx_HAL_Driver/Src/stm32f1xx_hal_dma.o
 .ARM.attributes
                0x0000000000000200       0x2d Drivers/STM32F1xx_HAL_Driver/Src/stm32f1xx_hal_gpio.o
 .ARM.attributes
                0x000000000000022d       0x2d Drivers/STM32F1xx_HAL_Driver/Src/stm32f1xx_hal_rcc.o
 .ARM.attributes
                0x000000000000025a       0x2d Drivers/STM32F1xx_HAL_Driver/Src/stm32f1xx_hal_tim.o
 .ARM.attributes
                0x0000000000000287       0x2d Drivers/STM32F1xx_HAL_Driver/Src/stm32f1xx_hal_tim_ex.o
 .ARM.attributes
                0x00000000000002b4       0x2d c:/st/stm32cubeide_1.6.1/stm32cubeide/plugins/com.st.stm32cube.ide.mcu.externaltools.gnu-tools-for-stm32.9-2020-q2-update.win32_1.5.0.202011040924/tools/bin/../lib/gcc/arm-none-eabi/9.3.1/../../../../arm-none-eabi/lib/thumb/v7-m/nofp\libc_nano.a(lib_a-init.o)
 .ARM.attributes
                0x00000000000002e1       0x2d c:/st/stm32cubeide_1.6.1/stm32cubeide/plugins/com.st.stm32cube.ide.mcu.externaltools.gnu-tools-for-stm32.9-2020-q2-update.win32_1.5.0.202011040924/tools/bin/../lib/gcc/arm-none-eabi/9.3.1/../../../../arm-none-eabi/lib/thumb/v7-m/nofp\libc_nano.a(lib_a-memset.o)
 .ARM.attributes
                0x000000000000030e       0x1d c:/st/stm32cubeide_1.6.1/stm32cubeide/plugins/com.st.stm32cube.ide.mcu.externaltools.gnu-tools-for-stm32.9-2020-q2-update.win32_1.5.0.202011040924/tools/bin/../lib/gcc/arm-none-eabi/9.3.1/thumb/v7-m/nofp/crtn.o
OUTPUT(AudioPlayerNew.elf elf32-littlearm)
LOAD linker stubs
LOAD c:/st/stm32cubeide_1.6.1/stm32cubeide/plugins/com.st.stm32cube.ide.mcu.externaltools.gnu-tools-for-stm32.9-2020-q2-update.win32_1.5.0.202011040924/tools/bin/../lib/gcc/arm-none-eabi/9.3.1/../../../../arm-none-eabi/lib/thumb/v7-m/nofp\libc.a
LOAD c:/st/stm32cubeide_1.6.1/stm32cubeide/plugins/com.st.stm32cube.ide.mcu.externaltools.gnu-tools-for-stm32.9-2020-q2-update.win32_1.5.0.202011040924/tools/bin/../lib/gcc/arm-none-eabi/9.3.1/../../../../arm-none-eabi/lib/thumb/v7-m/nofp\libm.a
LOAD c:/st/stm32cubeide_1.6.1/stm32cubeide/plugins/com.st.stm32cube.ide.mcu.externaltools.gnu-tools-for-stm32.9-2020-q2-update.win32_1.5.0.202011040924/tools/bin/../lib/gcc/arm-none-eabi/9.3.1/thumb/v7-m/nofp\libgcc.a

.debug_info     0x0000000000000000     0x9eb2
 .debug_info    0x0000000000000000      0xe92 Core/Src/main.o
 .debug_info    0x0000000000000e92      0xbf6 Core/Src/stm32f1xx_hal_msp.o
 .debug_info    0x0000000000001a88      0x46a Core/Src/stm32f1xx_it.o
 .debug_info    0x0000000000001ef2      0x2be Core/Src/system_stm32f1xx.o
 .debug_info    0x00000000000021b0       0x22 Core/Startup/startup_stm32f103rctx.o
 .debug_info    0x00000000000021d2      0x7d0 Drivers/STM32F1xx_HAL_Driver/Src/stm32f1xx_hal.o
 .debug_info    0x00000000000029a2      0xc42 Drivers/STM32F1xx_HAL_Driver/Src/stm32f1xx_hal_cortex.o
 .debug_info    0x00000000000035e4      0xa6a Drivers/STM32F1xx_HAL_Driver/Src/stm32f1xx_hal_dac.o
 .debug_info    0x000000000000404e      0x7df Drivers/STM32F1xx_HAL_Driver/Src/stm32f1xx_hal_dac_ex.o
 .debug_info    0x000000000000482d      0x81e Drivers/STM32F1xx_HAL_Driver/Src/stm32f1xx_hal_dma.o
 .debug_info    0x000000000000504b      0x701 Drivers/STM32F1xx_HAL_Driver/Src/stm32f1xx_hal_gpio.o
 .debug_info    0x000000000000574c      0x88e Drivers/STM32F1xx_HAL_Driver/Src/stm32f1xx_hal_rcc.o
 .debug_info    0x0000000000005fda     0x2a43 Drivers/STM32F1xx_HAL_Driver/Src/stm32f1xx_hal_tim.o
 .debug_info    0x0000000000008a1d     0x1495 Drivers/STM32F1xx_HAL_Driver/Src/stm32f1xx_hal_tim_ex.o

.debug_abbrev   0x0000000000000000     0x1b54
 .debug_abbrev  0x0000000000000000      0x23c Core/Src/main.o
 .debug_abbrev  0x000000000000023c      0x1db Core/Src/stm32f1xx_hal_msp.o
 .debug_abbrev  0x0000000000000417      0x163 Core/Src/stm32f1xx_it.o
 .debug_abbrev  0x000000000000057a      0x14e Core/Src/system_stm32f1xx.o
 .debug_abbrev  0x00000000000006c8       0x12 Core/Startup/startup_stm32f103rctx.o
 .debug_abbrev  0x00000000000006da      0x1ed Drivers/STM32F1xx_HAL_Driver/Src/stm32f1xx_hal.o
 .debug_abbrev  0x00000000000008c7      0x313 Drivers/STM32F1xx_HAL_Driver/Src/stm32f1xx_hal_cortex.o
 .debug_abbrev  0x0000000000000bda      0x1f2 Drivers/STM32F1xx_HAL_Driver/Src/stm32f1xx_hal_dac.o
 .debug_abbrev  0x0000000000000dcc      0x241 Drivers/STM32F1xx_HAL_Driver/Src/stm32f1xx_hal_dac_ex.o
 .debug_abbrev  0x000000000000100d      0x228 Drivers/STM32F1xx_HAL_Driver/Src/stm32f1xx_hal_dma.o
 .debug_abbrev  0x0000000000001235      0x1e8 Drivers/STM32F1xx_HAL_Driver/Src/stm32f1xx_hal_gpio.o
 .debug_abbrev  0x000000000000141d      0x273 Drivers/STM32F1xx_HAL_Driver/Src/stm32f1xx_hal_rcc.o
 .debug_abbrev  0x0000000000001690      0x25e Drivers/STM32F1xx_HAL_Driver/Src/stm32f1xx_hal_tim.o
 .debug_abbrev  0x00000000000018ee      0x266 Drivers/STM32F1xx_HAL_Driver/Src/stm32f1xx_hal_tim_ex.o

.debug_aranges  0x0000000000000000      0xaf8
 .debug_aranges
                0x0000000000000000       0x50 Core/Src/main.o
 .debug_aranges
                0x0000000000000050       0x40 Core/Src/stm32f1xx_hal_msp.o
 .debug_aranges
                0x0000000000000090       0x68 Core/Src/stm32f1xx_it.o
 .debug_aranges
                0x00000000000000f8       0x28 Core/Src/system_stm32f1xx.o
 .debug_aranges
                0x0000000000000120       0x28 Core/Startup/startup_stm32f103rctx.o
 .debug_aranges
                0x0000000000000148       0xe0 Drivers/STM32F1xx_HAL_Driver/Src/stm32f1xx_hal.o
 .debug_aranges
                0x0000000000000228      0x100 Drivers/STM32F1xx_HAL_Driver/Src/stm32f1xx_hal_cortex.o
 .debug_aranges
                0x0000000000000328       0xc0 Drivers/STM32F1xx_HAL_Driver/Src/stm32f1xx_hal_dac.o
 .debug_aranges
                0x00000000000003e8       0x70 Drivers/STM32F1xx_HAL_Driver/Src/stm32f1xx_hal_dac_ex.o
 .debug_aranges
                0x0000000000000458       0x80 Drivers/STM32F1xx_HAL_Driver/Src/stm32f1xx_hal_dma.o
 .debug_aranges
                0x00000000000004d8       0x58 Drivers/STM32F1xx_HAL_Driver/Src/stm32f1xx_hal_gpio.o
 .debug_aranges
                0x0000000000000530       0x90 Drivers/STM32F1xx_HAL_Driver/Src/stm32f1xx_hal_rcc.o
 .debug_aranges
                0x00000000000005c0      0x3d0 Drivers/STM32F1xx_HAL_Driver/Src/stm32f1xx_hal_tim.o
 .debug_aranges
                0x0000000000000990      0x168 Drivers/STM32F1xx_HAL_Driver/Src/stm32f1xx_hal_tim_ex.o

.debug_ranges   0x0000000000000000      0xa20
 .debug_ranges  0x0000000000000000       0x40 Core/Src/main.o
 .debug_ranges  0x0000000000000040       0x30 Core/Src/stm32f1xx_hal_msp.o
 .debug_ranges  0x0000000000000070       0x58 Core/Src/stm32f1xx_it.o
 .debug_ranges  0x00000000000000c8       0x18 Core/Src/system_stm32f1xx.o
 .debug_ranges  0x00000000000000e0       0x20 Core/Startup/startup_stm32f103rctx.o
 .debug_ranges  0x0000000000000100       0xd0 Drivers/STM32F1xx_HAL_Driver/Src/stm32f1xx_hal.o
 .debug_ranges  0x00000000000001d0       0xf0 Drivers/STM32F1xx_HAL_Driver/Src/stm32f1xx_hal_cortex.o
 .debug_ranges  0x00000000000002c0       0xb0 Drivers/STM32F1xx_HAL_Driver/Src/stm32f1xx_hal_dac.o
 .debug_ranges  0x0000000000000370       0x60 Drivers/STM32F1xx_HAL_Driver/Src/stm32f1xx_hal_dac_ex.o
 .debug_ranges  0x00000000000003d0       0x70 Drivers/STM32F1xx_HAL_Driver/Src/stm32f1xx_hal_dma.o
 .debug_ranges  0x0000000000000440       0x48 Drivers/STM32F1xx_HAL_Driver/Src/stm32f1xx_hal_gpio.o
 .debug_ranges  0x0000000000000488       0x80 Drivers/STM32F1xx_HAL_Driver/Src/stm32f1xx_hal_rcc.o
 .debug_ranges  0x0000000000000508      0x3c0 Drivers/STM32F1xx_HAL_Driver/Src/stm32f1xx_hal_tim.o
 .debug_ranges  0x00000000000008c8      0x158 Drivers/STM32F1xx_HAL_Driver/Src/stm32f1xx_hal_tim_ex.o

.debug_macro    0x0000000000000000    0x18ccb
 .debug_macro   0x0000000000000000      0x1cb Core/Src/main.o
 .debug_macro   0x00000000000001cb      0xa9c Core/Src/main.o
 .debug_macro   0x0000000000000c67      0x221 Core/Src/main.o
 .debug_macro   0x0000000000000e88       0x2e Core/Src/main.o
 .debug_macro   0x0000000000000eb6       0x22 Core/Src/main.o
 .debug_macro   0x0000000000000ed8       0x22 Core/Src/main.o
 .debug_macro   0x0000000000000efa       0x8e Core/Src/main.o
 .debug_macro   0x0000000000000f88       0x51 Core/Src/main.o
 .debug_macro   0x0000000000000fd9      0x103 Core/Src/main.o
 .debug_macro   0x00000000000010dc       0x6a Core/Src/main.o
 .debug_macro   0x0000000000001146      0x1df Core/Src/main.o
 .debug_macro   0x0000000000001325       0x1c Core/Src/main.o
 .debug_macro   0x0000000000001341       0x22 Core/Src/main.o
 .debug_macro   0x0000000000001363       0xc3 Core/Src/main.o
 .debug_macro   0x0000000000001426      0xd23 Core/Src/main.o
 .debug_macro   0x0000000000002149     0xfd85 Core/Src/main.o
 .debug_macro   0x0000000000011ece       0x43 Core/Src/main.o
 .debug_macro   0x0000000000011f11     0x3468 Core/Src/main.o
 .debug_macro   0x0000000000015379      0x174 Core/Src/main.o
 .debug_macro   0x00000000000154ed       0x5c Core/Src/main.o
 .debug_macro   0x0000000000015549      0x5be Core/Src/main.o
 .debug_macro   0x0000000000015b07      0x4d5 Core/Src/main.o
 .debug_macro   0x0000000000015fdc      0x1cb Core/Src/main.o
 .debug_macro   0x00000000000161a7      0x114 Core/Src/main.o
 .debug_macro   0x00000000000162bb      0x1ea Core/Src/main.o
 .debug_macro   0x00000000000164a5       0x27 Core/Src/main.o
 .debug_macro   0x00000000000164cc      0x144 Core/Src/main.o
 .debug_macro   0x0000000000016610      0x1bc Core/Src/main.o
 .debug_macro   0x00000000000167cc       0x30 Core/Src/main.o
 .debug_macro   0x00000000000167fc       0x3c Core/Src/main.o
 .debug_macro   0x0000000000016838       0x57 Core/Src/main.o
 .debug_macro   0x000000000001688f       0xe3 Core/Src/main.o
 .debug_macro   0x0000000000016972       0xde Core/Src/main.o
 .debug_macro   0x0000000000016a50       0x88 Core/Src/main.o
 .debug_macro   0x0000000000016ad8      0x24f Core/Src/main.o
 .debug_macro   0x0000000000016d27      0x141 Core/Src/main.o
 .debug_macro   0x0000000000016e68      0x8d1 Core/Src/main.o
 .debug_macro   0x0000000000017739       0xb5 Core/Src/main.o
 .debug_macro   0x00000000000177ee      0x1b7 Core/Src/stm32f1xx_hal_msp.o
 .debug_macro   0x00000000000179a5      0x1c1 Core/Src/stm32f1xx_it.o
 .debug_macro   0x0000000000017b66      0x1ad Core/Src/system_stm32f1xx.o
 .debug_macro   0x0000000000017d13      0x1d1 Drivers/STM32F1xx_HAL_Driver/Src/stm32f1xx_hal.o
 .debug_macro   0x0000000000017ee4      0x1ad Drivers/STM32F1xx_HAL_Driver/Src/stm32f1xx_hal_cortex.o
 .debug_macro   0x0000000000018091      0x1ae Drivers/STM32F1xx_HAL_Driver/Src/stm32f1xx_hal_dac.o
 .debug_macro   0x000000000001823f      0x1ad Drivers/STM32F1xx_HAL_Driver/Src/stm32f1xx_hal_dac_ex.o
 .debug_macro   0x00000000000183ec      0x1ad Drivers/STM32F1xx_HAL_Driver/Src/stm32f1xx_hal_dma.o
 .debug_macro   0x0000000000018599      0x218 Drivers/STM32F1xx_HAL_Driver/Src/stm32f1xx_hal_gpio.o
 .debug_macro   0x00000000000187b1      0x1bf Drivers/STM32F1xx_HAL_Driver/Src/stm32f1xx_hal_rcc.o
 .debug_macro   0x0000000000018970      0x1ae Drivers/STM32F1xx_HAL_Driver/Src/stm32f1xx_hal_tim.o
 .debug_macro   0x0000000000018b1e      0x1ad Drivers/STM32F1xx_HAL_Driver/Src/stm32f1xx_hal_tim_ex.o

.debug_line     0x0000000000000000     0xbe75
 .debug_line    0x0000000000000000      0x7d0 Core/Src/main.o
 .debug_line    0x00000000000007d0      0x738 Core/Src/stm32f1xx_hal_msp.o
 .debug_line    0x0000000000000f08      0x770 Core/Src/stm32f1xx_it.o
 .debug_line    0x0000000000001678      0x714 Core/Src/system_stm32f1xx.o
 .debug_line    0x0000000000001d8c       0x84 Core/Startup/startup_stm32f103rctx.o
 .debug_line    0x0000000000001e10      0x941 Drivers/STM32F1xx_HAL_Driver/Src/stm32f1xx_hal.o
 .debug_line    0x0000000000002751      0xb29 Drivers/STM32F1xx_HAL_Driver/Src/stm32f1xx_hal_cortex.o
 .debug_line    0x000000000000327a      0xac4 Drivers/STM32F1xx_HAL_Driver/Src/stm32f1xx_hal_dac.o
 .debug_line    0x0000000000003d3e      0x82a Drivers/STM32F1xx_HAL_Driver/Src/stm32f1xx_hal_dac_ex.o
 .debug_line    0x0000000000004568     0x126b Drivers/STM32F1xx_HAL_Driver/Src/stm32f1xx_hal_dma.o
 .debug_line    0x00000000000057d3      0xa00 Drivers/STM32F1xx_HAL_Driver/Src/stm32f1xx_hal_gpio.o
 .debug_line    0x00000000000061d3      0xd4f Drivers/STM32F1xx_HAL_Driver/Src/stm32f1xx_hal_rcc.o
 .debug_line    0x0000000000006f22     0x3508 Drivers/STM32F1xx_HAL_Driver/Src/stm32f1xx_hal_tim.o
 .debug_line    0x000000000000a42a     0x1a4b Drivers/STM32F1xx_HAL_Driver/Src/stm32f1xx_hal_tim_ex.o

.debug_str      0x0000000000000000    0x938a8
 .debug_str     0x0000000000000000    0x91264 Core/Src/main.o
                                      0x917bf (size before relaxing)
 .debug_str     0x0000000000091264      0x100 Core/Src/stm32f1xx_hal_msp.o
                                      0x91230 (size before relaxing)
 .debug_str     0x0000000000091364       0xd6 Core/Src/stm32f1xx_it.o
                                      0x90da8 (size before relaxing)
 .debug_str     0x000000000009143a       0x52 Core/Src/system_stm32f1xx.o
                                      0x90b7b (size before relaxing)
 .debug_str     0x000000000009148c       0x36 Core/Startup/startup_stm32f103rctx.o
                                         0x5d (size before relaxing)
 .debug_str     0x00000000000914c2      0x304 Drivers/STM32F1xx_HAL_Driver/Src/stm32f1xx_hal.o
                                      0x912f0 (size before relaxing)
 .debug_str     0x00000000000917c6      0x300 Drivers/STM32F1xx_HAL_Driver/Src/stm32f1xx_hal_cortex.o
                                      0x912f8 (size before relaxing)
 .debug_str     0x0000000000091ac6      0x1c3 Drivers/STM32F1xx_HAL_Driver/Src/stm32f1xx_hal_dac.o
                                      0x91051 (size before relaxing)
 .debug_str     0x0000000000091c89      0x169 Drivers/STM32F1xx_HAL_Driver/Src/stm32f1xx_hal_dac_ex.o
                                      0x90f8b (size before relaxing)
 .debug_str     0x0000000000091df2      0x23d Drivers/STM32F1xx_HAL_Driver/Src/stm32f1xx_hal_dma.o
                                      0x90f56 (size before relaxing)
 .debug_str     0x000000000009202f      0x33b Drivers/STM32F1xx_HAL_Driver/Src/stm32f1xx_hal_gpio.o
                                      0x90f3f (size before relaxing)
 .debug_str     0x000000000009236a      0x24f Drivers/STM32F1xx_HAL_Driver/Src/stm32f1xx_hal_rcc.o
                                      0x90f78 (size before relaxing)
 .debug_str     0x00000000000925b9      0xdd8 Drivers/STM32F1xx_HAL_Driver/Src/stm32f1xx_hal_tim.o
                                      0x91f4a (size before relaxing)
 .debug_str     0x0000000000093391      0x517 Drivers/STM32F1xx_HAL_Driver/Src/stm32f1xx_hal_tim_ex.o
                                      0x91724 (size before relaxing)

.comment        0x0000000000000000       0x53
 .comment       0x0000000000000000       0x53 Core/Src/main.o
                                         0x54 (size before relaxing)
 .comment       0x0000000000000053       0x54 Core/Src/stm32f1xx_hal_msp.o
 .comment       0x0000000000000053       0x54 Core/Src/stm32f1xx_it.o
 .comment       0x0000000000000053       0x54 Core/Src/system_stm32f1xx.o
 .comment       0x0000000000000053       0x54 Drivers/STM32F1xx_HAL_Driver/Src/stm32f1xx_hal.o
 .comment       0x0000000000000053       0x54 Drivers/STM32F1xx_HAL_Driver/Src/stm32f1xx_hal_cortex.o
 .comment       0x0000000000000053       0x54 Drivers/STM32F1xx_HAL_Driver/Src/stm32f1xx_hal_dac.o
 .comment       0x0000000000000053       0x54 Drivers/STM32F1xx_HAL_Driver/Src/stm32f1xx_hal_dac_ex.o
 .comment       0x0000000000000053       0x54 Drivers/STM32F1xx_HAL_Driver/Src/stm32f1xx_hal_dma.o
 .comment       0x0000000000000053       0x54 Drivers/STM32F1xx_HAL_Driver/Src/stm32f1xx_hal_gpio.o
 .comment       0x0000000000000053       0x54 Drivers/STM32F1xx_HAL_Driver/Src/stm32f1xx_hal_rcc.o
 .comment       0x0000000000000053       0x54 Drivers/STM32F1xx_HAL_Driver/Src/stm32f1xx_hal_tim.o
 .comment       0x0000000000000053       0x54 Drivers/STM32F1xx_HAL_Driver/Src/stm32f1xx_hal_tim_ex.o

.debug_frame    0x0000000000000000     0x2d50
 .debug_frame   0x0000000000000000      0x100 Core/Src/main.o
 .debug_frame   0x0000000000000100       0xd0 Core/Src/stm32f1xx_hal_msp.o
 .debug_frame   0x00000000000001d0      0x120 Core/Src/stm32f1xx_it.o
 .debug_frame   0x00000000000002f0       0x58 Core/Src/system_stm32f1xx.o
 .debug_frame   0x0000000000000348      0x334 Drivers/STM32F1xx_HAL_Driver/Src/stm32f1xx_hal.o
 .debug_frame   0x000000000000067c      0x428 Drivers/STM32F1xx_HAL_Driver/Src/stm32f1xx_hal_cortex.o
 .debug_frame   0x0000000000000aa4      0x33c Drivers/STM32F1xx_HAL_Driver/Src/stm32f1xx_hal_dac.o
 .debug_frame   0x0000000000000de0      0x1bc Drivers/STM32F1xx_HAL_Driver/Src/stm32f1xx_hal_dac_ex.o
 .debug_frame   0x0000000000000f9c      0x20c Drivers/STM32F1xx_HAL_Driver/Src/stm32f1xx_hal_dma.o
 .debug_frame   0x00000000000011a8      0x14c Drivers/STM32F1xx_HAL_Driver/Src/stm32f1xx_hal_gpio.o
 .debug_frame   0x00000000000012f4      0x21c Drivers/STM32F1xx_HAL_Driver/Src/stm32f1xx_hal_rcc.o
 .debug_frame   0x0000000000001510     0x11bc Drivers/STM32F1xx_HAL_Driver/Src/stm32f1xx_hal_tim.o
 .debug_frame   0x00000000000026cc      0x638 Drivers/STM32F1xx_HAL_Driver/Src/stm32f1xx_hal_tim_ex.o
 .debug_frame   0x0000000000002d04       0x2c c:/st/stm32cubeide_1.6.1/stm32cubeide/plugins/com.st.stm32cube.ide.mcu.externaltools.gnu-tools-for-stm32.9-2020-q2-update.win32_1.5.0.202011040924/tools/bin/../lib/gcc/arm-none-eabi/9.3.1/../../../../arm-none-eabi/lib/thumb/v7-m/nofp\libc_nano.a(lib_a-init.o)
 .debug_frame   0x0000000000002d30       0x20 c:/st/stm32cubeide_1.6.1/stm32cubeide/plugins/com.st.stm32cube.ide.mcu.externaltools.gnu-tools-for-stm32.9-2020-q2-update.win32_1.5.0.202011040924/tools/bin/../lib/gcc/arm-none-eabi/9.3.1/../../../../arm-none-eabi/lib/thumb/v7-m/nofp\libc_nano.a(lib_a-memset.o)
